A51 MACRO ASSEMBLER  LAB03                                                                09/28/2023 15:24:22 PAGE     1


MACRO ASSEMBLER A51 V8.2.7.0
OBJECT MODULE PLACED IN Lab03.OBJ
ASSEMBLER INVOKED BY: C:\Keil\C51\BIN\A51.EXE Lab03.asm XR GEN DB EP NOMOD51 INCDIR(C:\SiLabs\MCU_2\Inc) 

LOC  OBJ            LINE     SOURCE

                       1     
  00E3                 2     XBR2                    equ             0e3h
  00AD                 3     P1MDIN                  equ             0adh
  00A6                 4     P2MDOUT                 equ             0a6h
  00FF                 5     WDTCN                   equ             0ffh
  0084                 6     SFRPAGE                 equ             084h
  0090                 7     P1                              equ             090h
  00A0                 8     P2                              equ             0a0h
                       9     
                      10     
  0089                11     TMOD            equ             089h
  0088                12     TCON            equ             088h
  008E                13     CKCON           equ             08eh
  00A8                14     IE                      equ             0a8h
  008A                15     TL0                     equ             08ah
  008C                16     TH0                     equ             08ch
                      17     
                      18     
  000F                19     CONFIG_PAGE             equ             0fh
  0000                20     LEGACY_PAGE             equ             00h
                      21                                     
0000                  22                                     org             0h
0000 020100           23                                     ljmp    main
                      24     
000B                  25                                     org             0bh
000B 020195           26                                     ljmp    Timer0_ISR
                      27     
0100                  28                                     org             0100h
                      29     
0100                  30     main:
0100 120138           31                     lcall   configP
0103 12015C           32                     lcall   ConfigT
0106 7A04             33                     mov             R2, #4                   
                      34     
0108                  35     Loop:
0108 12016F           36                     lcall handleOnclick
010B 020108           37                     ljmp Loop
                      38     
010E                  39     Loop_Begin:
                      40                                     
                      41                                     
010E A920             42                                     mov     R1,     20h
                      43     
                      44                                     
0110 E9               45                                     mov             A,      R1
0111                  46                                     rotateRightFunc:  
0111 B40106           47                                             cjne    A,      #1,     rotateLeftFunc
0114 E8               48                                             mov     A,      R0
0115 03               49                                             rr    A
0116 F5A0             50                                             mov             P2, A
0118 F8               51                                             mov             R0,     A
0119 22               52                                       ret 
011A                  53                                     rotateLeftFunc:  
011A B40206           54                                             cjne    A,      #2,     blinkEvenFunc
011D E8               55                                             mov     A,      R0
011E 23               56                                             rl    A
011F F5A0             57                                             mov             P2, A
0121 F8               58                                             mov             R0,     A
A51 MACRO ASSEMBLER  LAB03                                                                09/28/2023 15:24:22 PAGE     2

0122 22               59                                             ret
0123                  60                                     blinkEvenFunc:  
0123 B40307           61                                             cjne    A,      #3,     blinkOddEven
0126 63F055           62                                             xrl   B  ,#01010101b
0129 85F0A0           63                                             mov             P2, B
012C 22               64                                             ret
012D                  65                                     blinkOddEven:  
012D B40407           66                                             cjne    A,      #4,     Jump
0130 63F0AA           67                                             xrl   B  ,#10101010b
0133 85F0A0           68                                             mov             P2, B
0136 22               69                                             ret
0137                  70                                     Jump:
0137 22               71                                             ret 
                      72     
0138                  73     configP:
                      74                     
0138 75FFDE           75                     mov             WDTCN, #0deh
013B 75FFAD           76                     mov             WDTCN, #0adh
                      77     
                      78                     
013E 75840F           79                     mov             SFRPAGE, #CONFIG_PAGE
0141 75E3C0           80                     mov             XBR2, #0c0h
0144 75ADFF           81                     mov             P1MDIN, #0ffh
0147 75A6FF           82                     mov             P2MDOUT, #0ffh
014A 758400           83                     mov             SFRPAGE, #LEGACY_PAGE
                      84                                     
014D 75A000           85                     mov     P2, #00000000h   
                      86     
0150 7880             87                     mov     R0,     #10000000b  
0152 75F055           88                     mov             B,      #01010101b  
                      89                                     
                      90                     
0155 752000           91                     mov   20h, #0  
0158 759000           92                     mov   P1, #0
015B 22               93                     ret
                      94     
015C                  95     ConfigT:  
015C 758901           96                     mov             TMOD, #01h
015F 758810           97                     mov             TCON, #010h
0162 758E10           98                     mov             CKCON, #010h
0165 75A882           99                     mov             IE, #082h
0168 758A00          100                     mov             TL0, #0
016B 758C00          101                     mov             TH0, #0
016E 22              102                     ret
                     103     
016F                 104     handleOnclick:
016F A990            105                                     mov             R1,     P1
0171 E9              106                                     mov     A,  R1  
0172                 107             rotateRight:  
0172 B48004          108                                     cjne    A,      #10000000b,     rotateLeft
0175 752001          109                                     mov   20h,      #1
0178 22              110                                     ret  
                     111     
0179                 112             rotateLeft: 
0179 B44004          113                                     cjne    A,      #01000000b,     blinkEven
017C 752002          114                                     mov     20h,    #2
017F 22              115                                     ret
0180                 116             blinkEven: 
0180 B42007          117                                     cjne    A,      #00100000b,     blinkOdd
0183 752003          118                                     mov     20h,    #3
0186 75F000          119                                     mov             B,      #0
0189 22              120                                     ret
018A                 121             blinkOdd: 
018A B41007          122                                     cjne    A,      #00010000b,     return
018D 752004          123                                     mov     20h,    #4
0190 75F000          124                                     mov             B,      #0
A51 MACRO ASSEMBLER  LAB03                                                                09/28/2023 15:24:22 PAGE     3

0193 22              125                                     ret
0194                 126             return:
0194 22              127                                     ret
                     128     
0195                 129     Timer0_ISR:
0195 DA05            130                     DJNZ    R2, ResetT
0197 7A04            131                     mov R2, #4 
0199 12010E          132                     lcall Loop_Begin
                     133     
019C                 134     ResetT:
019C 758A00          135                     mov             TL0, #0
019F 758C00          136                     mov             TH0, #0
01A2 32              137                     reti
                     138     
                     139     end
A51 MACRO ASSEMBLER  LAB03                                                                09/28/2023 15:24:22 PAGE     4

XREF SYMBOL TABLE LISTING
---- ------ ----- -------


N A M E             T Y P E  V A L U E   ATTRIBUTES / REFERENCES

B. . . . . . . . .  D ADDR   00F0H   A      62 63 67 68 88 119 124
BLINKEVEN. . . . .  C ADDR   0180H   A      113 116#
BLINKEVENFUNC. . .  C ADDR   0123H   A      54 60#
BLINKODD . . . . .  C ADDR   018AH   A      117 121#
BLINKODDEVEN . . .  C ADDR   012DH   A      61 65#
CKCON. . . . . . .  N NUMB   008EH   A      13# 98
CONFIGP. . . . . .  C ADDR   0138H   A      31 73#
CONFIGT. . . . . .  C ADDR   015CH   A      32 95#
CONFIG_PAGE. . . .  N NUMB   000FH   A      19# 79
HANDLEONCLICK. . .  C ADDR   016FH   A      36 104#
IE . . . . . . . .  N NUMB   00A8H   A      14# 99
JUMP . . . . . . .  C ADDR   0137H   A      66 70#
LEGACY_PAGE. . . .  N NUMB   0000H   A      20# 83
LOOP . . . . . . .  C ADDR   0108H   A      35# 37
LOOP_BEGIN . . . .  C ADDR   010EH   A      39# 132
MAIN . . . . . . .  C ADDR   0100H   A      23 30#
P1 . . . . . . . .  N NUMB   0090H   A      7# 92 105
P1MDIN . . . . . .  N NUMB   00ADH   A      3# 81
P2 . . . . . . . .  N NUMB   00A0H   A      8# 50 57 63 68 85
P2MDOUT. . . . . .  N NUMB   00A6H   A      4# 82
RESETT . . . . . .  C ADDR   019CH   A      130 134#
RETURN . . . . . .  C ADDR   0194H   A      122 126#
ROTATELEFT . . . .  C ADDR   0179H   A      108 112#
ROTATELEFTFUNC . .  C ADDR   011AH   A      47 53#
ROTATERIGHT. . . .  C ADDR   0172H   A      107#
ROTATERIGHTFUNC. .  C ADDR   0111H   A      46#
SFRPAGE. . . . . .  N NUMB   0084H   A      6# 79 83
TCON . . . . . . .  N NUMB   0088H   A      12# 97
TH0. . . . . . . .  N NUMB   008CH   A      16# 101 136
TIMER0_ISR . . . .  C ADDR   0195H   A      26 129#
TL0. . . . . . . .  N NUMB   008AH   A      15# 100 135
TMOD . . . . . . .  N NUMB   0089H   A      11# 96
WDTCN. . . . . . .  N NUMB   00FFH   A      5# 75 76
XBR2 . . . . . . .  N NUMB   00E3H   A      2# 80


REGISTER BANK(S) USED: 0 


ASSEMBLY COMPLETE.  0 WARNING(S), 0 ERROR(S)
